// Jest Snapshot v1, https://goo.gl/fbAQLP

exports[`Pruebas en <MultipleCustomHooks /> Debe de mostrarse correctamente 1`] = `
<div>
  <h1>
    Breaking Quotes
  </h1>
  <hr />
  <blockquote
    className="blockquote text-end"
  >
    <p
      className="mb-3"
    >
       
       
    </p>
    <footer
      className="blockquote-footer"
    >
       
    </footer>
  </blockquote>
  <button
    className="btn btn-primary"
    onClick={[Function]}
  >
    Siguiente
  </button>
</div>
`;
