// Jest Snapshot v1, https://goo.gl/fbAQLP

exports[`Prueba en <RealExampleRef /> debe mostrarse correctamente 1`] = `
<div>
  <h1>
    Real Example Ref
  </h1>
  <hr />
  <button
    className="btn btn-primary mt-4"
    onClick={[Function]}
  >
     Show/Hide 
  </button>
</div>
`;
